{"name":"Jelte","email":"jelte@canvascompany.nl","favourite_food_id":1,"updated_at":"2025-03-18T20:00:00.000000Z","created_at":"2025-03-18T20:00:00.000000Z","id":1}